PAMU0PMEU3MK0ZP0153IVWGM$0WP017ZP016IQ::03IT1O84EMN1T0RO19CT0ST10U1IO0U1T00U0I1+W%AO1DM/0NYXIO2O4MX1T3O9MX1T3O261+T2WMA0OBMX100NWT3O1DEKD3MK0XO6MX1IXIPT5+O1MF4W%M54M 3NWXIYYZP:03SPU63SIPU5Z4PU57IO19WPU54GIPF6BIO0+YY5EKV5WO1DEK75Y*B+ZO19WPV5DEKO5PF6BZO1AKX4XX*I+YY1+W%3MJ6N$X*Z+ZYYMP60N$XXIW1RZSIW0R$M00ZWR$BZSIO1PGCS1+PGCPW0%PU63RMZ5NSI1+%3YRYS1Z0ZNZI1+W%3WRFK881N 41I*X42IYZM 7UOUNYZM 7+UM%M39%TO4EK09NVI*XIWTM3RTNTO3R6TO+YY%MW9Z1ZNYXXITN3R5ZTM3WR$4ZSIO0O0MLCP:1O0MLCO0P:1MLCMUA.OF+K/A%MPBN I%OC4EK+A%O04EK+A%O34EK+AK AWO46PS05O43ZO47PS05O43/.M8CIYYO5M9DM0D/3IYYO7M9DM0DYYO3M9D0Z0Z/3IO23ZO23ZI1UOUNUMTO+%MX4N*I+TM%3TNTMTN%3TMTO3TN%3TM%3TNTO3O3+/3N-*XITEXT

                      1   # FILE: 000_GLOBALS.ASM #####################################################
                      2  
                      3   # memory address layout
                      4   # global z variables
                      5  equ zPageVariables, 0
                      6  equ zvCurrByte, 0
                      7  equ zvCurrBit, 1
                      8  equ zvQrDataStart, 2
                      9  equ zvQrDataSize, 3
                     10   # lookup tables (populated at runtime)
                     11  equ logLut, 44
                     12  equ expLut, 300
                     13   # buffers
                     14  equ polyBase, 556
                     15  equ byteBufferStart, 1000
                     16  
                     17   # initialise variables
00000 PAM            18  ldi byteBufferStart
00003 U0             19  stz zvCurrByte
                     20  
00005 PME            21  ldi endProgMemory
00008 U3             22  stz zvQrDataSize
                     23  
                     24   # FILE: 100_main.asm ########################################################
                     25   # THIS IS A PLACEHOLDER FOR MAIN APPLICATION
                     26  
                     27   # FILE: 101_read11BitNumber.asm #############################################
                     28   # TODO this could be simplified the two fns together,
                     29   # but kept separate for now to make debugging easier
                     30  
                     31  read11BitNumber: # ( addr -- n )
                     32   # read next 11-bit value (P27)
00010 MK0            33   call readPmTwoChars
00013 Z              34   swap
00014 P01            35   ldi 45
00017 5              36   mul 
00018 3              37   add
00019 I              38   ret
                     39  
                     40  readPmTwoChars: #( addr -- c1 c2 )
                     41   # lpm command reads a 2char signed number
                     42   # this reads and interpets as unsigned
                     43   # pushing the two chars (hi lo) on the stack 
00020 V              44   ldp
00021 W              45   dup
00022 GM$0           46   m ? call _correctNum
00026 W              47   dup
00027 P01            48   ldi 45
00030 7              49   mod
00031 Z              50   swap
00032 P01            51   ldi 45
00035 6              52   div
00036 I              53   ret
                     54  
                     55  _correctNum:
00037 Q::0           56    ldi 2024 # 45 * 45 - 1
00041 3              57    add
00042 I              58    ret
                     59  
                     60   # FILE: 102_appendBitToBitString.asm ########################################
                     61   # DEFINES:
                     62   #   appendBitToBitString( 0/1 -- )
                     63   # USES:
                     64   #   000 zvCurrByte, state initialised to beginning of output buffer
                     65   #   000 zvCurrBit, state initialised to 0, next bit to be written in current byte
                     66  
                     67  appendBitToBitString: # ( 0/1 -- )
00043 T1             68   ldz zvCurrBit         # load the current bit
00045 O8             69   ldi 8                 # check if we have filled 8 bits
00047 4              70   sub
00048 EMN1           71   z? call _advanceByte  # if so, advance to next byte
00052 T0             72   ldz zvCurrByte        # load address of current byte
                     73                         # load the value, shift left 1 bit
00054 R              74   ld
00055 O1             75   ldi 1
00057 9              76   shl
                     77                         # append the current bit and store
00058 C              78   or
00059 T0             79   ldz zvCurrByte
00061 S              80   st
                     81                         # increment the bit count and store
00062 T1             82   ldz zvCurrBit
00064 0              83   inc
00065 U1             84   stz zvCurrBit
00067 I              85   ret
                     86  
                     87  _advanceByte:
00068 O0             88   ldi 0                 # reset zvCurrBit to 0
00070 U1             89   stz zvCurrBit
00072 T0             90   ldz zvCurrByte        # increment the byte ptr and store back
00074 0              91   inc
00075 U0             92   stz zvCurrByte
00077 I              93   ret
                     94  
                     95   # FILE: 103_appendBitsToBitString.asm #######################################
                     96  appendBitsToBitString: # ( val nBits -- )
                     97   # appends for a single value the bits, left padded
                     98   # place nBits on rstack and iteratively call appendBitToBitString masking
                     99   # for the correct bit
                    100  
00078 1             101   dec
00079 +             102   tor
                    103  l103:
00080 W             104   dup
00081 %             105   rtop
00082 A             106   shr
00083 O1            107   ldi 1
00085 D             108   and
00086 M/0           109   call appendBitToBitString
00089 NY            110   loop l103
00091 X             111   drop
00092 I             112   ret
                    113  
                    114   # FILE: 103_writeQrHeaders.asm ##############################################
                    115   # USES:
                    116   #   000 zvQrDataSize
                    117   #   000 zvQrDataStart
                    118   #   103 appendBitsToBitString
                    119  
                    120  writeQrHeaders: # ( -- )
                    121   # first write the mode indicator
00093 O2            122   ldi 2 # mode 0b0010 is alphanumeric mode (P 23)
00095 O4            123   ldi 4
00097 MX1           124   call appendBitsToBitString
                    125  
                    126   # then add the character count
                    127   # TODO: number of bits is determined by QR "verison"
                    128   #  (https://www.qrcode.com/en/about/version.html)
                    129   # V1-9 => 9 bits
                    130   # V10-26 => 11 bits
                    131   # V27-40 => 13 bits
                    132  
00100 T3            133   ldz zvQrDataSize
00102 O9            134   ldi 9
00104 MX1           135   call appendBitsToBitString
                    136  
                    137   # then write qr code stream
                    138   # for all the pairs of alphanumeric characters, write them as 11bit values
                    139   # loop dataSize/2 times
00107 T3            140   ldz zvQrDataSize
00109 O2            141   ldi 2
00111 6             142   div
00112 1             143   dec
00113 +             144   tor
                    145   # start at beginning of data
00114 T2            146   ldz zvQrDataStart
                    147  l104:
00116 W             148   dup
00117 MA0           149   call read11BitNumber
00120 OB            150   ldi 11
00122 MX1           151   call appendBitsToBitString
                    152   # move pointer to next pair
00125 0             153   inc
00126 0             154   inc
00127 NW            155   loop l104
                    156  
                    157   # ok, if the data size is odd, we need to pad the last one with 6 bits
00129 T3            158   ldz zvQrDataSize
00131 O1            159   ldi 1
00133 D             160   and
00134 EKD3          161   z? jmp d103
00138 MK0           162   call readPmTwoChars
00141 X             163   drop
00142 O6            164   ldi 6
00144 MX1           165   call appendBitsToBitString
00147 I             166   ret
                    167  
                    168  d103:
00148 X             169   drop
00149 I             170   ret
                    171  
                    172   # FILE: 201_qrHeaderBitsInCharacterCount.asm ################################
                    173  
                    174  qrHeaderBitsInCharacterCount: # ( -- n)
                    175   # assuming alphanumeric mode, see P23
                    176  
                    177  
                    178   # FILE: 300_expLogLut.asm ###################################################
                    179   # generate lookup tables as defined in https://dev.to/maxart2501/let-s-develop-a-qr-code-generator-part-iii-error-correction-1kbm
                    180  
                    181  expLogLut:
00150 PT5           182   ldi 254
00153 +             183   tor
00154 O1            184   ldi 1 # initial value
                    185  l300:
00156 MF4           186   call nextValue
00159 W             187   dup
                    188   # get exponent from loop index
00160 %             189   rtop
00161 M54           190   call loopIdxToExponent
00164 M 3           191   call storeValueExponent
00167 NW            192   loop l300
00169 X             193   drop
00170 I             194   ret
                    195  
                    196  storeValueExponent: # (value exponent)
00171 Y             197   over
00172 Y             198   over           # v e v e
00173 Z             199   swap
00174 P:0           200   ldi logLut
00177 3             201   add
00178 S             202   st             # v e
00179 PU6           203   ldi expLut
00182 3             204   add
00183 S             205   st
00184 I             206   ret
                    207  
                    208  
                    209  loopIdxToExponent: # ( n -- n)
00185 PU5           210   ldi 255
00188 Z             211   swap
00189 4             212   sub
00190 PU5           213   ldi 255
00193 7             214   mod
00194 I             215   ret
                    216  
                    217  nextValue: # ( n -- n )
00195 O1            218   ldi 1
00197 9             219   shl
                    220   # if > 255, xor with 285
00198 W             221   dup
00199 PU5           222   ldi 255
00202 4             223   sub
00203 GI            224   m? ret
00205 PF6           225   ldi 285
00208 B             226   xor
00209 I             227   ret
                    228   # FILE: 301_gfMulDiv2.asm ####################################################
                    229   # this version doesn't use lookup tables
                    230  
                    231  gfMul2: # ( a b -- n )
00210 O0            232   ldi 0
00212 +             233   tor
                    234  inner:
00213 Y             235   over # a b a
00214 Y             236   over # a b a b
00215 5             237   mul  # a b a*b
00216 EKV5          238   z? jmp done
00220 W             239   dup # a b b
00221 O1            240   ldi 1 # a b b 1
00223 D             241   and # a b b&1
00224 EK75          242   z? jmp ctd1
00228 Y             243   over # a b a
00229 *             244   tos # a b a p
00230 B             245   xor # a b a^p
00231 +             246   tor # a b
                    247  ctd1:
00232 Z             248   swap # b a
00233 O1            249   ldi 1 # b a 1
00235 9             250   shl # b a<<1
00236 W             251   dup # b a a
00237 PV5           252   ldi 256 # b a a
00240 D             253   and # b a a&256
00241 EKO5          254   z? jmp ctd2 # b a
00245 PF6           255   ldi 285  # b a 285
00248 B             256   xor # b a^285
                    257  ctd2:
00249 Z             258   swap # a b
00250 O1            259   ldi 1 # a b
00252 A             260   shr # a b>1
00253 KX4           261   jmp inner
                    262  done:
00256 X             263   drop
00257 X             264   drop
00258 *             265   tos
00259 I             266   ret
                    267  
                    268   # FILE: 303_gfPolyMul.asm ###################################################
                    269  
                    270  
                    271  gfPolyMul: # ( paddr psize n -- )
                    272   # put n on the side for later
                    273   # note that psize should be total "capacity" of polynomial (not current order)
00260 +             274   tor
00261 Y             275   over
00262 Y             276   over
                    277   # ( paddr pszie paddr psize )
                    278   # multiplying by 1x, shift each element one spot in the coefficient array
00263 1             279   dec
00264 +             280   tor
                    281  l303:
00265 W             282   dup
00266 %             283   rtop
00267 3             284   add
00268 MJ6           285   call gfShift
00271 N$            286   loop l303
00273 X             287   drop
                    288  
00274 *             289   tos
00275 Z             290   swap
                    291  
                    292   # ( paddr n psize )
                    293   # now that we have shifted one spot, need to do A[i] += A[i+1] * n
00276 +             294   tor
00277 Z             295   swap
                    296  l303b:
                    297   # ( n paddr )
00278 Y             298   over
00279 Y             299   over
00280 MP6           300   call gfMulElement
00283 0             301   inc
00284 N$            302   loop l303b
                    303  
00286 X             304   drop
00287 X             305   drop
00288 I             306   ret
                    307  
                    308  
                    309  gfShift: # ( paddr )
00289 W             310   dup
00290 1             311   dec
00291 R             312   ld
                    313   # ( paddr p[n-1] )
00292 Z             314   swap
00293 S             315   st
00294 I             316   ret
                    317  
                    318  gfMulElement: # ( n paddr -- )
00295 W             319   dup
00296 0             320   inc
00297 R             321   ld
                    322   # ( n paddr A[i+1] )
00298 $             323   rot
                    324   # ( paddr A[i+1] n )
00299 M00           325   call gfMul
                    326   # ( paddr A[i+1]*n )
00302 Z             327   swap
                    328   # ( A[i+1]*n paddr )
00303 W             329   dup
00304 R             330   ld
                    331   # ( A[i+1]*n paddr A[i])
00305 $             332   rot
                    333   # ( paddr A[i] A[i+1]*n )
00306 B             334   xor
                    335   # ( paddr A[i]+A[i+1]*n )
00307 Z             336   swap
                    337   # ( A[i]+A[i+1]*n paddr )
00308 S             338   st
00309 I             339   ret
                    340   # FILE: 304_generatorPoly.asm ###############################################
                    341  
                    342  generatorPoly: # ( degree )
                    343   # set initial polynomial 1x^0
00310 O1            344   ldi 1
00312 PGC           345   ldi polyBase
00315 S             346   st
                    347  
00316 1             348   dec
00317 +             349   tor
                    350  l304:
                    351   # paddr
00318 PGC           352   ldi polyBase
                    353  
                    354   # psize, TODO check what max size could be
00321 PW0           355   ldi 32
                    356  
                    357   # EXP[index]
00324 %             358   rtop
00325 PU6           359   ldi expLut
00328 3             360   add
00329 R             361   ld
                    362  
00330 MZ5           363   call gfPolyMul
00333 NS            364   loop l304
00335 I             365   ret
                    366  
                    367   # FILE: 306_copyBufReverse.asm ###############################################
                    368   # copies buffer from a => b while reversing it
                    369  
                    370  copyBufReverse: # ( src dst size -- )
00336 1             371   dec
00337 +             372   tor
00338 %             373   rtop
00339 3             374   add
                    375  
                    376  l306:           # A B
00340 Y             377   over           # A B A
00341 R             378   ld             # A B Ad
00342 Y             379   over           # A B Ad B
00343 S             380   st             # A B
00344 1             381   dec            # A B-1
00345 Z             382   swap           # B-1 A
00346 0             383   inc            # B-1 A+1
00347 Z             384   swap           # A+1 B-1
00348 NZ            385   loop l306
00350 I             386   ret
                    387  
                    388   # FILE: 307_findDegree.asm ###############################################
                    389   # finds the degree of a polynomial
                    390  
                    391  findDegree: # ( poly size -- d )
00351 1             392   dec                        # base size-1
00352 +             393   tor
00353 W             394   dup                        # base base
00354 %             395   rtop
00355 3             396   add                        # base ptr
                    397  l307:                       # base ptr
00356 W             398   dup                        # base ptr ptr
00357 R             399   ld                         # base ptr val
00358 FK88          400   nz? jmp l307earlyreturn    # base ptr
00362 1             401   dec                        # base ptr-1
00363 N             402   loop l307
00365 4             403   sub
00366 1             404   dec
                    405   # 0
                    406   # TODO maybe would be useful to return -1 instead
00367 I             407   ret
                    408  
                    409  l307earlyreturn:
00368 *             410   tos
00369 X             411   drop
00370 4             412   sub
00371 2             413   neg
                    414   # n
00372 I             415   ret
                    416  # FILE: 308_polyDiv.asm ###############################################
                    417  # does polynomial division
                    418  # translated from this C prototype (probably has bugs)
                    419  
                    420  # int p[] = {4, 5, 8, 28}; // 1 + 2x + 3x^2
                    421  # int d[] = {2, 7, 2}; // 1 + x
                    422  
                    423  # int pHighestPower = sizeof(p)/sizeof(int) - 1;
                    424  # int dLeadingPower = sizeof(d)/sizeof(int) - 1;
                    425  
                    426  # for (int pLeadingPower = pHighestPower; pLeadingPower >= dLeadingPower; pLeadingPower--) {
                    427  #    int q = p[pLeadingPower] / d[dLeadingPower];
                    428  
                    429  #     for (int pi = pLeadingPower, di = dLeadingPower; di >= 0; di--, pi--) {
                    430  #         p[pi] = p[pi] - q * d[di];
                    431  #     }
                    432  # }
                    433  
                    434  # return 0;
                    435  
                    436  # some working variables
                    437  equ zvDividend, 22
                    438  equ zvDivisor, 23
                    439  equ zvDivisorOrder, 24
                    440  
                    441  polyDiv: # ( p pSize d2 dSize )
                    442   # let's do away with size and find the leading powers of each
00373 Y             443   over
00374 Z             444   swap                       # p pSize d d dSize
00375 M 7           445   call findDegree            # p pSize d dOrder
                    446                              # put divisor away for now
00378 UO            447   stz zvDivisorOrder         # p pSize d
00380 UN            448   stz zvDivisor              # p pSize
                    449  
00382 Y             450   over                       # p pSize p
00383 Z             451   swap                       # p p pSize
00384 M 7           452   call findDegree            # p pDegree
00387 +             453   tor                        # p     R: pDegree
00388 UM            454   stz zvDividend             # --    R: pDegree
                    455  
                    456  l308outer:
00390 %             457   rtop                       # plp
00391 M39           458   call l308outerbody         # --
00394 %             459   rtop                       # plp
00395 TO            460   ldz zvDivisorOrder         # plp dorder
00397 4             461   sub                        # plp-dorder
00398 EK09          462   z? jmp l308earlydone       # --
00402 NV            463   loop l308outer             # --
00404 I             464   ret
                    465  
                    466  l308earlydone:
00405 *             467   tos
00406 X             468   drop
00407 I             469   ret
                    470  
                    471  l308outerbody: # ( pLeadingPower -- )
                    472   # q = p[pLeadingPower] / d[dLeadingPower]
00408 W             473   dup                        # plp plp
00409 TM            474   ldz zvDividend             # plp plp p
00411 3             475   add                        # plp &p[plp]
00412 R             476   ld                         # plp p[plp]
                    477  
00413 TN            478   ldz zvDivisor              # plp p[plp] d
00415 TO            479   ldz zvDivisorOrder         # plp p[plp] d dlp
00417 3             480   add                        # plp p[plp] &d[dlp]
00418 R             481   ld                         # plp p[plp] d[dlp]
00419 6             482   div                        # plp q
                    483  
00420 TO            484   ldz zvDivisorOrder         # plp q dlp
00422 +             485   tor                        # pi q R: di
                    486  l308inner:
                    487   # iterate decrementing pi and di,
                    488   # do p[pi] -= q*d[di], p[pi-1] -= q*d[di-1], ...
00423 Y             489   over                       # pi q pi
00424 Y             490   over                       # pi q pi q
00425 %             491   rtop                       # pi q pi q di
00426 MW9           492   call l308innerbody         # pi q
00429 Z             493   swap                       # q pi
00430 1             494   dec                        # q pi-1
00431 Z             495   swap                       # pi-1 q
00432 NY            496   loop l308inner
00434 X             497   drop                       # pi-1
00435 X             498   drop                       # --
00436 I             499   ret
                    500  
                    501  
                    502  l308innerbody: # ( pi q di -- )
                    503   # performs a single p[pi] = p[pi] - q * d[di];
00437 TN            504   ldz zvDivisor              # pi q di d
00439 3             505   add                        # pi q di &d[di]
00440 R             506   ld                         # pi q d[di]
00441 5             507   mul                        # pi q*d[di]
00442 Z             508   swap                       # q*d[di] pi
00443 TM            509   ldz zvDividend             # q*d[di] pi p
00445 3             510   add                        # q*d[di] &pi[p]
00446 W             511   dup                        # q*d[di] &pi[p] &pi[p]
00447 R             512   ld                         # q*d[di] &pi[p] pi[p]
00448 $             513   rot                        # &pi[p] pi[p] q*d[di]
00449 4             514   sub                        # &pi[p] pi[p]-q*d[di]
00450 Z             515   swap                       # pi[p]-q*d[di] &pi[p]
00451 S             516   st                         # --
00452 I             517   ret
                    518  
                    519  
                    520  # FILE: 400_drawPrimitives.asm ####################################################
                    521  
                    522  equ x,22
                    523  equ y,23
                    524  equ size,24
                    525  
                    526  
00453 O0            527  ldi 0
00455 O0            528  ldi 0
00457 MLC           529  call drawFinder
                    530  
                    531  
00460 P:1           532  ldi 89
00463 O0            533  ldi 0
00465 MLC           534  call drawFinder
                    535  
00468 O0            536  ldi 0
00470 P:1           537  ldi 89
00473 MLC           538  call drawFinder
                    539  
00476 MUA           540  call alignmentGrid
00479 .             541  hlt
                    542  
                    543  alignmentGrid:
00480 OF            544   ldi 15
00482 +             545   tor
                    546  lxy:
00483 K/A           547   jmp check
                    548  ok:
00486 %             549   rtop
00487 MPB           550   call alignmentGridInner
                    551  ctd:
00490 N             552   loop lxy
00492 I             553   ret
                    554  
                    555  
                    556  check:
00493 %             557   rtop
00494 OC            558   ldi 12
00496 4             559   sub
00497 EK+A          560   z? jmp ctd
00501 %             561   rtop
00502 O0            562   ldi 0
00504 4             563   sub
00505 EK+A          564   z? jmp ctd
00509 %             565   rtop
00510 O3            566   ldi 3
00512 4             567   sub
00513 EK+A          568   z? jmp ctd
00517 K A           569   jmp ok
                    570  
                    571  alignmentGridInner:
00520 W             572   dup
00521 O4            573   ldi 4
00523 6             574   div
00524 PS0           575   ldi 28
00527 5             576   mul
00528 O4            577   ldi 4
00530 3             578   add
                    579  
00531 Z             580   swap
00532 O4            581   ldi 4
00534 7             582   mod
00535 PS0           583   ldi 28
00538 5             584   mul
00539 O4            585   ldi 4
00541 3             586   add
00542 /.            587   sys DMP
00544 M8C           588   call drawAlignment
00547 I             589   ret
                    590  
                    591  
                    592  drawAlignment: # ( x y -- )
00548 Y             593   over
00549 Y             594   over
00550 O5            595   ldi 5
00552 M9D           596   call square
00555 M0D           597   call add2
00558 /3            598   sys DRAWDOT
00560 I             599   ret
                    600  
                    601  drawFinder: # ( x y -- )
00561 Y             602   over
00562 Y             603   over
00563 O7            604   ldi 7
00565 M9D           605   call square
                    606  
00568 M0D           607   call add2
00571 Y             608   over
00572 Y             609   over
00573 O3            610   ldi 3
00575 M9D           611   call square
                    612  
00578 0             613   inc
00579 Z             614   swap
00580 0             615   inc
00581 Z             616   swap
00582 /3            617   sys DRAWDOT
00584 I             618   ret
                    619  
                    620  add2: # (x y --)
00585 O2            621   ldi 2
00587 3             622   add
00588 Z             623   swap
00589 O2            624   ldi 2
00591 3             625   add
00592 Z             626   swap
00593 I             627   ret
                    628  
                    629  square: # (x y size --)
00594 1             630   dec
00595 UO            631   stz size
00597 UN            632   stz y
00599 UM            633   stz x
                    634  
00601 TO            635   ldz size
00603 +             636   tor
                    637  l:
00604 %             638   rtop
00605 MX4           639   call inner
00608 N*            640   loop l
00610 I             641   ret
                    642  
                    643  inner:
00611 +             644   tor
                    645  
00612 TM            646   ldz x
00614 %             647   rtop
00615 3             648   add
00616 TN            649   ldz y
                    650  
00618 TM            651   ldz x
00620 TN            652   ldz y
00622 %             653   rtop
00623 3             654   add
                    655  
00624 TM            656   ldz x
00626 TO            657   ldz size
00628 3             658   add
00629 TN            659   ldz y
00631 %             660   rtop
00632 3             661   add
                    662  
00633 TM            663   ldz x
00635 %             664   rtop
00636 3             665   add
00637 TN            666   ldz y
00639 TO            667   ldz size
00641 3             668   add
                    669  
                    670  
00642 O3            671   ldi 3
00644 +             672   tor
                    673  l5:
00645 /3            674   sys DRAWDOT
00647 N-            675   loop l5
                    676  
00649 *             677   tos
00650 X             678   drop
00651 I             679   ret
                    680   # FILE: 999_endProgMemory.asm ###############################################
                    681   # DEFINES:
                    682   #   LABEL endProgMemory the end of program memory
                    683  
                    684  endProgMemory:
                    685  

CONSTANTS
